sku,title,price,description,stock,brand,category
PROD001,Monitor LED 27 polegadas Full HD com tecnologia IPS e tempo de resposta de 5ms ideal para trabalho e entretenimento,-199.99,Monitor profissional com alta qualidade de imagem,10,Samsung,ELETRONICOS
PROD002,,,Teclado mecânico para gamers,5,Razer,ELETRONICOS
PROD003,Mouse Gamer RGB,49.99,,0,Logitech,ELETRONICOS
PROD004,Notebook Intel Core i7 16GB RAM 512GB SSD Windows 11 Pro com tela de 15.6 polegadas,3999.99,Notebook de alta performance,3,Dell,ELETRONICOS
PROD005,Fone de Ouvido Bluetooth,149.99,Fone com cancelamento de ruído,-2,Sony,ELETRONICOS