sku,title,price,description,size,color,brand,category
MODA001,Vestido Longo Floral de Verão com Alças Ajustáveis e Tecido Leve Ideal para Praia e Passeios Casuais em Dias Ensolarados,89.99,Vestido confortável para o verão,,Azul,Zara,MODA
MODA002,Calça Jeans Skinny,129.99,Calça jeans feminina,38,Preto,C&A,MODA
MODA003,Camiseta Básica @#$%,29.99,Camiseta 100% algodão,P,Branco,Hering,MODA
MODA004,,59.99,Blusa de seda,M,Rosa,Renner,MODA
MODA005,Jaqueta de Couro,-299.99,Jaqueta estilo motoqueiro,G,,Diesel,MODA